---
source: tui/src/history_cell.rs
expression: rendered
---
• Ran seq 1 10 1>&2 && false
  └ 1
    2
    … +6 lines
    9
    10
